   Compiling proc-macro2 v1.0.106
   Compiling quote v1.0.45
   Compiling serde v1.0.228
   Compiling serde_core v1.0.228
   Compiling zerocopy v0.8.48
   Compiling icu_normalizer_data v2.2.0
   Compiling icu_properties_data v2.2.0
   Compiling zmij v1.0.21
   Compiling thiserror v2.0.18
   Compiling parking_lot_core v0.9.12
   Compiling equivalent v1.0.2
   Compiling form_urlencoded v1.2.2
   Compiling phf_shared v0.11.3
   Compiling getrandom v0.1.16
   Compiling byteorder v1.5.0
   Compiling serde_json v1.0.149
   Compiling getrandom v0.4.2
   Compiling log v0.4.29
   Compiling hashbrown v0.16.1
   Compiling syn v1.0.109
   Compiling shlex v1.3.0
   Compiling find-msvc-tools v0.1.9
   Compiling ident_case v1.0.1
   Compiling rand_core v0.6.4
   Compiling strsim v0.11.1
   Compiling winnow v1.0.1
   Compiling typeid v1.0.3
error: linker `link.exe` not found
  |
  = note: program not found

note: the msvc targets depend on the msvc linker but `link.exe` was not found

note: please ensure that Visual Studio 2017 or later, or Build Tools for Visual Studio were installed with the Visual C++ option.

note: VS Code is a different product, and is not sufficient.

   Compiling erased-serde v0.4.10
error: could not compile `icu_properties_data` (build script) due to 1 previous error
warning: build failed, waiting for other jobs to finish...
error: could not compile `icu_normalizer_data` (build script) due to 1 previous error
error: could not compile `quote` (build script) due to 1 previous error
error: could not compile `parking_lot_core` (build script) due to 1 previous error
error: could not compile `serde_json` (build script) due to 1 previous error
error: could not compile `proc-macro2` (build script) due to 1 previous error
error: could not compile `serde` (build script) due to 1 previous error
error: could not compile `zmij` (build script) due to 1 previous error
error: could not compile `getrandom` (build script) due to 1 previous error
error: could not compile `serde_core` (build script) due to 1 previous error
error: could not compile `getrandom` (build script) due to 1 previous error
error: could not compile `serde_core` (build script) due to 1 previous error
error: could not compile `thiserror` (build script) due to 1 previous error
error: could not compile `syn` (build script) due to 1 previous error
error: could not compile `zerocopy` (build script) due to 1 previous error
error: could not compile `typeid` (build script) due to 1 previous error
error: could not compile `erased-serde` (build script) due to 1 previous error
