[36mvite v6.4.1 [32mbuilding for production...[36m[39m
transforming...
[32m✓[39m 24 modules transformed.
[31m✗[39m Build failed in 375ms
[31merror during build:
[31m[vite:esbuild] Transform failed with 1 error:
C:/Users/jaffm/Desktop/proyecto_integrador001/src/pages/TrabajoDetalle.jsx:464:66: ERROR: Expected "}" but found "-"[31m
file: [36mC:/Users/jaffm/Desktop/proyecto_integrador001/src/pages/TrabajoDetalle.jsx:464:66[31m
[33m
[33mExpected "}" but found "-"[33m
462|                          </div>
463|                          <div className="card-body">
464|                              <div style={{ display: 'flex', justify-content: 'space-between', marginBottom: 'var(--space-3)' }}>
   |                                                                    ^
465|                                  <span className="text-muted">Precio Total</span>
466|                                  <span className="font-mono">RD$ {formatMoney(currentTrabajo.precio_total)}</span>
[31m
    at failureErrorWithLog (C:\Users\jaffm\Desktop\proyecto_integrador001\node_modules\esbuild\lib\main.js:1467:15)
    at C:\Users\jaffm\Desktop\proyecto_integrador001\node_modules\esbuild\lib\main.js:736:50
    at responseCallbacks.<computed> (C:\Users\jaffm\Desktop\proyecto_integrador001\node_modules\esbuild\lib\main.js:603:9)
    at handleIncomingPacket (C:\Users\jaffm\Desktop\proyecto_integrador001\node_modules\esbuild\lib\main.js:658:12)
    at Socket.readFromStdout (C:\Users\jaffm\Desktop\proyecto_integrador001\node_modules\esbuild\lib\main.js:581:7)
    at Socket.emit (node:events:508:20)
    at addChunk (node:internal/streams/readable:564:12)
    at readableAddChunkPushByteMode (node:internal/streams/readable:515:3)
    at Readable.push (node:internal/streams/readable:395:5)
    at Pipe.onStreamRead (node:internal/stream_base_commons:189:23)[39m
